[2021-10-05T18:13:05.961+0000][0.033s][1][114][debug] Minimum heap 2610954240  Initial heap 2610954240  Maximum heap 2610954240
[2021-10-05T18:13:05.963+0000][0.034s][1][114][trace] 1: Minimum young 652214272  Initial young 652214272  Maximum young 652214272
[2021-10-05T18:13:05.963+0000][0.035s][1][114][trace] Minimum old 65536  Initial old 1958739968  Maximum old 1958739968
[2021-10-05T18:13:05.965+0000][0.036s][1][114][trace] Trying to allocate at address 0x0000000764600000 heap of size 0x9ba00000
[2021-10-05T18:13:13.101+0000][7.173s][1][114][info ] Using Concurrent Mark Sweep
[2021-10-05T18:13:13.104+0000][7.176s][1][114][info ] Heap address: 0x0000000764600000, size: 2490 MB, Compressed Oops mode: Zero based, Oop shift amount: 3
[2021-10-05T18:13:14.091+0000][8.162s][1][118][info ] Application time: 0.3665205 seconds
[2021-10-05T18:13:14.094+0000][8.165s][1][118][info ] Entering safepoint region: Deoptimize
[2021-10-05T18:13:14.095+0000][8.167s][1][118][info ] Leaving safepoint region
[2021-10-05T18:13:14.097+0000][8.168s][1][118][info ] Total time for which application threads were stopped: 0.0030153 seconds, Stopping threads took: 0.0011519 seconds
[2021-10-05T18:13:14.119+0000][8.191s][1][118][info ] Application time: 0.0215260 seconds
[2021-10-05T18:13:14.121+0000][8.192s][1][118][info ] Entering safepoint region: Deoptimize
[2021-10-05T18:13:14.122+0000][8.193s][1][118][info ] Leaving safepoint region
[2021-10-05T18:13:14.122+0000][8.194s][1][118][info ] Total time for which application threads were stopped: 0.0018360 seconds, Stopping threads took: 0.0010171 seconds
[2021-10-05T18:13:14.275+0000][8.346s][1][118][info ] Application time: 0.1515361 seconds
[2021-10-05T18:13:14.275+0000][8.347s][1][118][info ] Entering safepoint region: Deoptimize
[2021-10-05T18:13:14.276+0000][8.348s][1][118][info ] Leaving safepoint region
[2021-10-05T18:13:14.277+0000][8.349s][1][118][info ] Total time for which application threads were stopped: 0.0016286 seconds, Stopping threads took: 0.0007301 seconds
[2021-10-05T18:13:15.278+0000][9.350s][1][118][info ] Application time: 1.0003006 seconds
[2021-10-05T18:13:15.279+0000][9.351s][1][118][info ] Entering safepoint region: Cleanup
[2021-10-05T18:13:15.280+0000][9.352s][1][118][info ] Leaving safepoint region
[2021-10-05T18:13:15.281+0000][9.353s][1][118][info ] Total time for which application threads were stopped: 0.0018609 seconds, Stopping threads took: 0.0010418 seconds
[2021-10-05T18:13:15.857+0000][9.928s][1][118][info ] Application time: 0.5750062 seconds
[2021-10-05T18:13:15.858+0000][9.929s][1][118][info ] Entering safepoint region: Deoptimize
[2021-10-05T18:13:15.859+0000][9.930s][1][118][info ] Leaving safepoint region
[2021-10-05T18:13:15.859+0000][9.931s][1][118][info ] Total time for which application threads were stopped: 0.0018238 seconds, Stopping threads took: 0.0007462 seconds
[2021-10-05T18:13:16.106+0000][10.178s][1][118][info ] Application time: 0.2462199 seconds
[2021-10-05T18:13:16.110+0000][10.182s][1][118][info ] Entering safepoint region: Deoptimize
[2021-10-05T18:13:16.112+0000][10.183s][1][118][info ] Leaving safepoint region
[2021-10-05T18:13:16.112+0000][10.184s][1][118][info ] Total time for which application threads were stopped: 0.0020118 seconds, Stopping threads took: 0.0010148 seconds
[2021-10-05T18:13:16.383+0000][10.455s][1][118][info ] Application time: 0.2698691 seconds
[2021-10-05T18:13:16.384+0000][10.456s][1][118][info ] Entering safepoint region: Deoptimize
[2021-10-05T18:13:16.385+0000][10.457s][1][118][info ] Leaving safepoint region
[2021-10-05T18:13:16.386+0000][10.457s][1][118][info ] Total time for which application threads were stopped: 0.0018508 seconds, Stopping threads took: 0.0006884 seconds
[2021-10-05T18:13:16.389+0000][10.461s][1][118][info ] Application time: 0.0025117 seconds
[2021-10-05T18:13:16.390+0000][10.461s][1][118][info ] Entering safepoint region: Deoptimize
[2021-10-05T18:13:16.390+0000][10.462s][1][118][info ] Leaving safepoint region
[2021-10-05T18:13:16.391+0000][10.463s][1][118][info ] Total time for which application threads were stopped: 0.0016417 seconds, Stopping threads took: 0.0006532 seconds
[2021-10-05T18:13:16.412+0000][10.484s][1][118][info ] Application time: 0.0187066 seconds
[2021-10-05T18:13:16.413+0000][10.485s][1][118][info ] Entering safepoint region: Deoptimize
[2021-10-05T18:13:16.415+0000][10.486s][1][118][info ] Leaving safepoint region
[2021-10-05T18:13:16.415+0000][10.487s][1][118][info ] Total time for which application threads were stopped: 0.0020134 seconds, Stopping threads took: 0.0010679 seconds
[2021-10-05T18:13:16.417+0000][10.489s][1][118][info ] Application time: 0.0008140 seconds
[2021-10-05T18:13:16.418+0000][10.490s][1][118][info ] Entering safepoint region: Deoptimize
[2021-10-05T18:13:16.419+0000][10.490s][1][118][info ] Leaving safepoint region
[2021-10-05T18:13:16.420+0000][10.491s][1][118][info ] Total time for which application threads were stopped: 0.0018406 seconds, Stopping threads took: 0.0007181 seconds
[2021-10-05T18:13:16.521+0000][10.593s][1][118][info ] Application time: 0.1012781 seconds
[2021-10-05T18:13:16.522+0000][10.594s][1][118][info ] Entering safepoint region: Deoptimize
[2021-10-05T18:13:16.523+0000][10.595s][1][118][info ] Leaving safepoint region
[2021-10-05T18:13:16.524+0000][10.596s][1][118][info ] Total time for which application threads were stopped: 0.0017665 seconds, Stopping threads took: 0.0006508 seconds
[2021-10-05T18:13:16.601+0000][10.673s][1][118][info ] Application time: 0.0759936 seconds
[2021-10-05T18:13:16.603+0000][10.674s][1][118][info ] Entering safepoint region: Deoptimize
[2021-10-05T18:13:16.604+0000][10.676s][1][118][info ] Leaving safepoint region
[2021-10-05T18:13:16.604+0000][10.676s][1][118][info ] Total time for which application threads were stopped: 0.0017280 seconds, Stopping threads took: 0.0007995 seconds
[2021-10-05T18:13:16.838+0000][10.909s][1][118][info ] Application time: 0.2326138 seconds
[2021-10-05T18:13:16.838+0000][10.910s][1][118][info ] Entering safepoint region: CollectForMetadataAllocation
[2021-10-05T18:13:16.841+0000][10.913s][1][118][info ] Leaving safepoint region
[2021-10-05T18:13:16.842+0000][10.914s][1][118][info ] Total time for which application threads were stopped: 0.0038819 seconds, Stopping threads took: 0.0007738 seconds
[2021-10-05T18:13:16.875+0000][10.947s][1][118][info ] Application time: 0.0319750 seconds
[2021-10-05T18:13:16.876+0000][10.948s][1][118][info ] Entering safepoint region: Deoptimize
[2021-10-05T18:13:16.877+0000][10.949s][1][118][info ] Leaving safepoint region
[2021-10-05T18:13:16.878+0000][10.949s][1][118][info ] Total time for which application threads were stopped: 0.0015974 seconds, Stopping threads took: 0.0006574 seconds
[2021-10-05T18:13:16.882+0000][10.954s][1][118][info ] Application time: 0.0039180 seconds
[2021-10-05T18:13:16.883+0000][10.955s][1][118][info ] Entering safepoint region: CollectForMetadataAllocation
[2021-10-05T18:13:16.885+0000][10.956s][1][118][info ] Leaving safepoint region
[2021-10-05T18:13:16.886+0000][10.957s][1][118][info ] Total time for which application threads were stopped: 0.0026074 seconds, Stopping threads took: 0.0007017 seconds
[2021-10-05T18:13:16.914+0000][10.986s][1][118][info ] Application time: 0.0281978 seconds
[2021-10-05T18:13:16.916+0000][10.988s][1][118][info ] Entering safepoint region: CollectForMetadataAllocation
[2021-10-05T18:13:16.918+0000][10.990s][1][118][info ] Leaving safepoint region
[2021-10-05T18:13:16.919+0000][10.991s][1][118][info ] Total time for which application threads were stopped: 0.0034863 seconds, Stopping threads took: 0.0013378 seconds
[2021-10-05T18:13:16.962+0000][11.034s][1][118][info ] Application time: 0.0424033 seconds
[2021-10-05T18:13:16.964+0000][11.035s][1][118][info ] Entering safepoint region: CollectForMetadataAllocation
[2021-10-05T18:13:16.965+0000][11.037s][1][118][info ] Leaving safepoint region
[2021-10-05T18:13:16.966+0000][11.038s][1][118][info ] Total time for which application threads were stopped: 0.0023329 seconds, Stopping threads took: 0.0006864 seconds
[2021-10-05T18:13:17.011+0000][11.083s][1][118][info ] Application time: 0.0443243 seconds
[2021-10-05T18:13:17.013+0000][11.084s][1][118][info ] Entering safepoint region: CollectForMetadataAllocation
[2021-10-05T18:13:17.014+0000][11.086s][1][118][info ] Leaving safepoint region
[2021-10-05T18:13:17.015+0000][11.087s][1][118][info ] Total time for which application threads were stopped: 0.0024867 seconds, Stopping threads took: 0.0007630 seconds
[2021-10-05T18:13:17.033+0000][11.104s][1][118][info ] Application time: 0.0168216 seconds
[2021-10-05T18:13:17.033+0000][11.105s][1][118][info ] Entering safepoint region: CollectForMetadataAllocation
[2021-10-05T18:13:17.035+0000][11.107s][1][118][info ] Leaving safepoint region
[2021-10-05T18:13:17.035+0000][11.107s][1][118][info ] Total time for which application threads were stopped: 0.0021395 seconds, Stopping threads took: 0.0006430 seconds
[2021-10-05T18:13:17.067+0000][11.138s][1][118][info ] Application time: 0.0306659 seconds
[2021-10-05T18:13:17.067+0000][11.139s][1][118][info ] Entering safepoint region: CollectForMetadataAllocation
[2021-10-05T18:13:17.069+0000][11.140s][1][118][info ] Leaving safepoint region
[2021-10-05T18:13:17.069+0000][11.141s][1][118][info ] Total time for which application threads were stopped: 0.0019501 seconds, Stopping threads took: 0.0006547 seconds
[2021-10-05T18:13:17.165+0000][11.237s][1][118][info ] Application time: 0.0948360 seconds
[2021-10-05T18:13:17.166+0000][11.238s][1][118][info ] Entering safepoint region: CollectForMetadataAllocation
[2021-10-05T18:13:17.169+0000][11.240s][1][118][info ] Leaving safepoint region
[2021-10-05T18:13:17.170+0000][11.241s][1][118][info ] Total time for which application threads were stopped: 0.0035032 seconds, Stopping threads took: 0.0010246 seconds
[2021-10-05T18:13:17.213+0000][11.284s][1][118][info ] Application time: 0.0424121 seconds
[2021-10-05T18:13:17.214+0000][11.285s][1][118][info ] Entering safepoint region: CollectForMetadataAllocation
[2021-10-05T18:13:17.216+0000][11.288s][1][118][info ] Leaving safepoint region
[2021-10-05T18:13:17.216+0000][11.288s][1][118][info ] Total time for which application threads were stopped: 0.0029192 seconds, Stopping threads took: 0.0009336 seconds
[2021-10-05T18:13:17.490+0000][11.562s][1][118][info ] Application time: 0.2729954 seconds
[2021-10-05T18:13:17.491+0000][11.563s][1][118][info ] Entering safepoint region: CollectForMetadataAllocation
[2021-10-05T18:13:17.494+0000][11.566s][1][118][info ] Leaving safepoint region
[2021-10-05T18:13:17.495+0000][11.567s][1][118][info ] Total time for which application threads were stopped: 0.0034425 seconds, Stopping threads took: 0.0007803 seconds
[2021-10-05T18:13:17.533+0000][11.604s][1][118][info ] Application time: 0.0369100 seconds
[2021-10-05T18:13:17.534+0000][11.606s][1][118][info ] Entering safepoint region: CollectForMetadataAllocation
[2021-10-05T18:13:17.536+0000][11.608s][1][118][info ] Leaving safepoint region
[2021-10-05T18:13:17.537+0000][11.608s][1][118][info ] Total time for which application threads were stopped: 0.0029737 seconds, Stopping threads took: 0.0010094 seconds
[2021-10-05T18:13:17.616+0000][11.688s][1][118][info ] Application time: 0.0782786 seconds
[2021-10-05T18:13:17.617+0000][11.689s][1][118][info ] Entering safepoint region: CollectForMetadataAllocation
[2021-10-05T18:13:17.618+0000][11.690s][1][118][info ] Leaving safepoint region
[2021-10-05T18:13:17.619+0000][11.691s][1][118][info ] Total time for which application threads were stopped: 0.0025776 seconds, Stopping threads took: 0.0007823 seconds
[2021-10-05T18:13:17.724+0000][11.795s][1][118][info ] Application time: 0.1036031 seconds
[2021-10-05T18:13:17.724+0000][11.796s][1][118][info ] Entering safepoint region: CollectForMetadataAllocation
[2021-10-05T18:13:17.726+0000][11.798s][1][118][info ] Leaving safepoint region
[2021-10-05T18:13:17.727+0000][11.799s][1][118][info ] Total time for which application threads were stopped: 0.0027941 seconds, Stopping threads took: 0.0008208 seconds
[2021-10-05T18:13:17.799+0000][11.871s][1][118][info ] Application time: 0.0707772 seconds
[2021-10-05T18:13:17.804+0000][11.876s][1][118][info ] Entering safepoint region: CollectForMetadataAllocation
[2021-10-05T18:13:17.807+0000][11.879s][1][118][info ] Leaving safepoint region
[2021-10-05T18:13:17.809+0000][11.881s][1][118][info ] Total time for which application threads were stopped: 0.0049397 seconds, Stopping threads took: 0.0011784 seconds
[2021-10-05T18:13:17.933+0000][12.005s][1][118][info ] Application time: 0.1230673 seconds
[2021-10-05T18:13:17.934+0000][12.006s][1][118][info ] Entering safepoint region: CollectForMetadataAllocation
[2021-10-05T18:13:17.937+0000][12.009s][1][118][info ] Leaving safepoint region
[2021-10-05T18:13:17.938+0000][12.009s][1][118][info ] Total time for which application threads were stopped: 0.0032672 seconds, Stopping threads took: 0.0009810 seconds
[2021-10-05T18:13:17.939+0000][12.011s][1][118][info ] Application time: 0.0003915 seconds
[2021-10-05T18:13:17.940+0000][12.012s][1][118][info ] Entering safepoint region: CollectForMetadataAllocation
[2021-10-05T18:13:17.941+0000][12.013s][1][118][info ] Leaving safepoint region
[2021-10-05T18:13:17.942+0000][12.014s][1][118][info ] Total time for which application threads were stopped: 0.0022209 seconds, Stopping threads took: 0.0013048 seconds
[2021-10-05T18:13:17.994+0000][12.066s][1][118][info ] Application time: 0.0513999 seconds
[2021-10-05T18:13:17.996+0000][12.068s][1][118][info ] Entering safepoint region: CollectForMetadataAllocation
[2021-10-05T18:13:17.967+0000][12.073s][1][118][info ] Leaving safepoint region
[2021-10-05T18:13:17.968+0000][12.074s][1][118][info ] Total time for which application threads were stopped: 0.0064728 seconds, Stopping threads took: 0.0040087 seconds
[2021-10-05T18:13:17.969+0000][12.075s][1][118][info ] Application time: 0.0004554 seconds
[2021-10-05T18:13:17.975+0000][12.081s][1][118][info ] Entering safepoint region: CollectForMetadataAllocation
[2021-10-05T18:13:17.976+0000][12.082s][1][118][info ] Leaving safepoint region
[2021-10-05T18:13:17.977+0000][12.083s][1][118][info ] Total time for which application threads were stopped: 0.0066069 seconds, Stopping threads took: 0.0055465 seconds
[2021-10-05T18:13:18.023+0000][12.129s][1][118][info ] Application time: 0.0446300 seconds
[2021-10-05T18:13:18.026+0000][12.132s][1][118][info ] Entering safepoint region: CollectForMetadataAllocation
[2021-10-05T18:13:18.030+0000][12.136s][1][118][info ] Leaving safepoint region
[2021-10-05T18:13:18.031+0000][12.137s][1][118][info ] Total time for which application threads were stopped: 0.0052959 seconds, Stopping threads took: 0.0016557 seconds
[2021-10-05T18:13:18.061+0000][12.167s][1][118][info ] Application time: 0.0280422 seconds
[2021-10-05T18:13:18.066+0000][12.172s][1][118][info ] Entering safepoint region: CollectForMetadataAllocation
[2021-10-05T18:13:18.067+0000][12.173s][1][118][info ] Leaving safepoint region
[2021-10-05T18:13:18.068+0000][12.174s][1][118][info ] Total time for which application threads were stopped: 0.0065736 seconds, Stopping threads took: 0.0053227 seconds
[2021-10-05T18:13:18.100+0000][12.206s][1][118][info ] Application time: 0.0315418 seconds
[2021-10-05T18:13:18.102+0000][12.208s][1][118][info ] Entering safepoint region: CollectForMetadataAllocation
[2021-10-05T18:13:18.103+0000][12.209s][1][118][info ] Leaving safepoint region
[2021-10-05T18:13:18.104+0000][12.210s][1][118][info ] Total time for which application threads were stopped: 0.0025854 seconds, Stopping threads took: 0.0012883 seconds
[2021-10-05T18:13:18.179+0000][12.285s][1][118][info ] Application time: 0.0741055 seconds
[2021-10-05T18:13:18.184+0000][12.290s][1][118][info ] Entering safepoint region: CollectForMetadataAllocation
[2021-10-05T18:13:18.186+0000][12.292s][1][118][info ] Leaving safepoint region
[2021-10-05T18:13:18.187+0000][12.293s][1][118][info ] Total time for which application threads were stopped: 0.0044894 seconds, Stopping threads took: 0.0021590 seconds
[2021-10-05T18:13:18.204+0000][12.310s][1][118][info ] Application time: 0.0135046 seconds
[2021-10-05T18:13:18.205+0000][12.311s][1][118][info ] Entering safepoint region: Deoptimize
[2021-10-05T18:13:18.207+0000][12.313s][1][118][info ] Leaving safepoint region
[2021-10-05T18:13:18.207+0000][12.313s][1][118][info ] Total time for which application threads were stopped: 0.0020243 seconds, Stopping threads took: 0.0007444 seconds
[2021-10-05T18:13:18.222+0000][12.328s][1][118][info ] Application time: 0.0134020 seconds
[2021-10-05T18:13:18.223+0000][12.329s][1][118][info ] Entering safepoint region: CollectForMetadataAllocation
[2021-10-05T18:13:18.225+0000][12.331s][1][118][info ] Leaving safepoint region
[2021-10-05T18:13:18.226+0000][12.332s][1][118][info ] Total time for which application threads were stopped: 0.0029831 seconds, Stopping threads took: 0.0009272 seconds
[2021-10-05T18:13:18.288+0000][12.394s][1][118][info ] Application time: 0.0616292 seconds
[2021-10-05T18:13:18.289+0000][12.395s][1][118][info ] Entering safepoint region: CollectForMetadataAllocation
[2021-10-05T18:13:18.290+0000][12.396s][1][118][info ] Leaving safepoint region
[2021-10-05T18:13:18.291+0000][12.397s][1][118][info ] Total time for which application threads were stopped: 0.0019623 seconds, Stopping threads took: 0.0008488 seconds
[2021-10-05T18:13:18.293+0000][12.399s][1][118][info ] Application time: 0.0012048 seconds
[2021-10-05T18:13:18.293+0000][12.399s][1][118][info ] Entering safepoint region: CollectForMetadataAllocation
[2021-10-05T18:13:18.294+0000][12.400s][1][118][info ] Leaving safepoint region
[2021-10-05T18:13:18.295+0000][12.401s][1][118][info ] Total time for which application threads were stopped: 0.0014028 seconds, Stopping threads took: 0.0006656 seconds
[2021-10-05T18:13:18.383+0000][12.489s][1][118][info ] Application time: 0.0875925 seconds
[2021-10-05T18:13:18.384+0000][12.490s][1][118][info ] Entering safepoint region: Deoptimize
[2021-10-05T18:13:18.385+0000][12.491s][1][118][info ] Leaving safepoint region
[2021-10-05T18:13:18.386+0000][12.492s][1][118][info ] Total time for which application threads were stopped: 0.0014906 seconds, Stopping threads took: 0.0006036 seconds
[2021-10-05T18:13:18.393+0000][12.499s][1][118][info ] Application time: 0.0066693 seconds
[2021-10-05T18:13:18.394+0000][12.500s][1][118][info ] Entering safepoint region: CollectForMetadataAllocation
[2021-10-05T18:13:18.395+0000][12.501s][1][118][info ] Leaving safepoint region
[2021-10-05T18:13:18.395+0000][12.501s][1][118][info ] Total time for which application threads were stopped: 0.0015338 seconds, Stopping threads took: 0.0006604 seconds
[2021-10-05T18:13:18.410+0000][12.516s][1][118][info ] Application time: 0.0138890 seconds
[2021-10-05T18:13:18.411+0000][12.517s][1][118][info ] Entering safepoint region: Deoptimize
[2021-10-05T18:13:18.411+0000][12.517s][1][118][info ] Leaving safepoint region
[2021-10-05T18:13:18.412+0000][12.518s][1][118][info ] Total time for which application threads were stopped: 0.0016286 seconds, Stopping threads took: 0.0006601 seconds
[2021-10-05T18:13:18.416+0000][12.522s][1][118][info ] Application time: 0.0030792 seconds
[2021-10-05T18:13:18.417+0000][12.523s][1][118][info ] Entering safepoint region: CollectForMetadataAllocation
[2021-10-05T18:13:18.417+0000][12.523s][1][118][info ] Leaving safepoint region
[2021-10-05T18:13:18.418+0000][12.524s][1][118][info ] Total time for which application threads were stopped: 0.0015020 seconds, Stopping threads took: 0.0005644 seconds
[2021-10-05T18:13:18.486+0000][12.592s][1][118][info ] Application time: 0.0671244 seconds
[2021-10-05T18:13:18.487+0000][12.593s][1][118][info ] Entering safepoint region: CollectForMetadataAllocation
[2021-10-05T18:13:18.489+0000][12.595s][1][118][info ] Leaving safepoint region
[2021-10-05T18:13:18.489+0000][12.595s][1][118][info ] Total time for which application threads were stopped: 0.0023130 seconds, Stopping threads took: 0.0006177 seconds
[2021-10-05T18:13:18.557+0000][12.663s][1][118][info ] Application time: 0.0671649 seconds
[2021-10-05T18:13:18.558+0000][12.664s][1][118][info ] Entering safepoint region: CollectForMetadataAllocation
[2021-10-05T18:13:18.560+0000][12.666s][1][118][info ] Leaving safepoint region
[2021-10-05T18:13:18.560+0000][12.666s][1][118][info ] Total time for which application threads were stopped: 0.0023593 seconds, Stopping threads took: 0.0014619 seconds
[2021-10-05T18:13:18.651+0000][12.757s][1][118][info ] Application time: 0.0904240 seconds
[2021-10-05T18:13:18.652+0000][12.758s][1][118][info ] Entering safepoint region: Deoptimize
[2021-10-05T18:13:18.653+0000][12.759s][1][118][info ] Leaving safepoint region
[2021-10-05T18:13:18.654+0000][12.760s][1][118][info ] Total time for which application threads were stopped: 0.0016739 seconds, Stopping threads took: 0.0007352 seconds
[2021-10-05T18:13:18.684+0000][12.790s][1][118][info ] Application time: 0.0295078 seconds
[2021-10-05T18:13:18.685+0000][12.791s][1][118][info ] Entering safepoint region: CollectForMetadataAllocation
[2021-10-05T18:13:18.686+0000][12.792s][1][118][info ] Leaving safepoint region
[2021-10-05T18:13:18.687+0000][12.793s][1][118][info ] Total time for which application threads were stopped: 0.0017610 seconds, Stopping threads took: 0.0006541 seconds
[2021-10-05T18:13:19.242+0000][13.348s][1][118][info ] Application time: 0.5543141 seconds
[2021-10-05T18:13:19.243+0000][13.349s][1][118][info ] Entering safepoint region: CollectForMetadataAllocation
[2021-10-05T18:13:19.244+0000][13.350s][1][118][info ] Leaving safepoint region
[2021-10-05T18:13:19.245+0000][13.351s][1][118][info ] Total time for which application threads were stopped: 0.0019535 seconds, Stopping threads took: 0.0007866 seconds
[2021-10-05T18:13:19.296+0000][13.402s][1][118][info ] Application time: 0.0503410 seconds
[2021-10-05T18:13:19.297+0000][13.403s][1][118][info ] Entering safepoint region: CollectForMetadataAllocation
[2021-10-05T18:13:19.300+0000][13.406s][1][118][info ] Leaving safepoint region
[2021-10-05T18:13:19.301+0000][13.407s][1][118][info ] Total time for which application threads were stopped: 0.0039406 seconds, Stopping threads took: 0.0006505 seconds
[2021-10-05T18:13:19.368+0000][13.474s][1][118][info ] Application time: 0.0666679 seconds
[2021-10-05T18:13:19.374+0000][13.480s][1][118][info ] Entering safepoint region: CollectForMetadataAllocation
[2021-10-05T18:13:19.375+0000][13.481s][1][118][info ] Leaving safepoint region
[2021-10-05T18:13:19.376+0000][13.482s][1][118][info ] Total time for which application threads were stopped: 0.0022490 seconds, Stopping threads took: 0.0008866 seconds
[2021-10-05T18:13:19.381+0000][13.487s][1][118][info ] Application time: 0.0023143 seconds
[2021-10-05T18:13:19.381+0000][13.487s][1][118][info ] Entering safepoint region: CollectForMetadataAllocation
[2021-10-05T18:13:19.384+0000][13.490s][1][118][info ] Leaving safepoint region
[2021-10-05T18:13:19.385+0000][13.491s][1][118][info ] Total time for which application threads were stopped: 0.0032599 seconds, Stopping threads took: 0.0007939 seconds
[2021-10-05T18:13:19.476+0000][13.582s][1][118][info ] Application time: 0.0907698 seconds
[2021-10-05T18:13:19.477+0000][13.583s][1][118][info ] Entering safepoint region: CollectForMetadataAllocation
[2021-10-05T18:13:19.479+0000][13.585s][1][118][info ] Leaving safepoint region
[2021-10-05T18:13:19.479+0000][13.585s][1][118][info ] Total time for which application threads were stopped: 0.0022764 seconds, Stopping threads took: 0.0006729 seconds
[2021-10-05T18:13:19.541+0000][13.647s][1][118][info ] Application time: 0.0606066 seconds
[2021-10-05T18:13:19.541+0000][13.647s][1][118][info ] Entering safepoint region: CollectForMetadataAllocation
[2021-10-05T18:13:19.543+0000][13.649s][1][118][info ] Leaving safepoint region
[2021-10-05T18:13:19.544+0000][13.650s][1][118][info ] Total time for which application threads were stopped: 0.0026360 seconds, Stopping threads took: 0.0006718 seconds
[2021-10-05T18:13:19.596+0000][13.702s][1][118][info ] Application time: 0.0513899 seconds
[2021-10-05T18:13:19.597+0000][13.703s][1][118][info ] Entering safepoint region: CollectForMetadataAllocation
[2021-10-05T18:13:19.599+0000][13.705s][1][118][info ] Leaving safepoint region
[2021-10-05T18:13:19.600+0000][13.706s][1][118][info ] Total time for which application threads were stopped: 0.0031575 seconds, Stopping threads took: 0.0006023 seconds
[2021-10-05T18:13:19.680+0000][13.786s][1][118][info ] Application time: 0.0789986 seconds
[2021-10-05T18:13:19.680+0000][13.786s][1][118][info ] Entering safepoint region: CollectForMetadataAllocation
[2021-10-05T18:13:19.683+0000][13.789s][1][118][info ] Leaving safepoint region
[2021-10-05T18:13:19.683+0000][13.789s][1][118][info ] Total time for which application threads were stopped: 0.0032039 seconds, Stopping threads took: 0.0007369 seconds
[2021-10-05T18:13:19.724+0000][13.830s][1][118][info ] Application time: 0.0401229 seconds
[2021-10-05T18:13:19.725+0000][13.831s][1][118][info ] Entering safepoint region: CollectForMetadataAllocation
[2021-10-05T18:13:19.729+0000][13.835s][1][118][info ] Leaving safepoint region
[2021-10-05T18:13:19.730+0000][13.836s][1][118][info ] Total time for which application threads were stopped: 0.0051707 seconds, Stopping threads took: 0.0012240 seconds
[2021-10-05T18:13:19.776+0000][13.882s][1][118][info ] Application time: 0.0450533 seconds
[2021-10-05T18:13:19.777+0000][13.883s][1][118][info ] Entering safepoint region: CollectForMetadataAllocation
[2021-10-05T18:13:19.778+0000][13.884s][1][118][info ] Leaving safepoint region
[2021-10-05T18:13:19.779+0000][13.884s][1][118][info ] Total time for which application threads were stopped: 0.0014655 seconds, Stopping threads took: 0.0005825 seconds
[2021-10-05T18:13:19.811+0000][13.916s][1][118][info ] Application time: 0.0312975 seconds
[2021-10-05T18:13:19.811+0000][13.917s][1][118][info ] Entering safepoint region: CollectForMetadataAllocation
[2021-10-05T18:13:19.812+0000][13.918s][1][118][info ] Leaving safepoint region
[2021-10-05T18:13:19.813+0000][13.919s][1][118][info ] Total time for which application threads were stopped: 0.0013091 seconds, Stopping threads took: 0.0005459 seconds
[2021-10-05T18:13:19.880+0000][13.985s][1][118][info ] Application time: 0.0660595 seconds
[2021-10-05T18:13:19.880+0000][13.986s][1][118][info ] Entering safepoint region: CollectForMetadataAllocation
[2021-10-05T18:13:19.882+0000][13.988s][1][118][info ] Leaving safepoint region
[2021-10-05T18:13:19.883+0000][13.989s][1][118][info ] Total time for which application threads were stopped: 0.0024326 seconds, Stopping threads took: 0.0005107 seconds
[2021-10-05T18:13:19.925+0000][14.031s][1][118][info ] Application time: 0.0421862 seconds
[2021-10-05T18:13:19.926+0000][14.032s][1][118][info ] Entering safepoint region: CollectForMetadataAllocation
[2021-10-05T18:13:19.927+0000][14.033s][1][118][info ] Leaving safepoint region
[2021-10-05T18:13:19.928+0000][14.034s][1][118][info ] Total time for which application threads were stopped: 0.0016554 seconds, Stopping threads took: 0.0006522 seconds
[2021-10-05T18:13:19.963+0000][14.069s][1][118][info ] Application time: 0.0343206 seconds
[2021-10-05T18:13:19.964+0000][14.070s][1][118][info ] Entering safepoint region: CollectForMetadataAllocation
[2021-10-05T18:13:19.965+0000][14.071s][1][118][info ] Leaving safepoint region
[2021-10-05T18:13:19.966+0000][14.072s][1][118][info ] Total time for which application threads were stopped: 0.0019478 seconds, Stopping threads took: 0.0006091 seconds
[2021-10-05T18:13:20.103+0000][14.209s][1][118][info ] Application time: 0.1369173 seconds
[2021-10-05T18:13:20.104+0000][14.210s][1][118][info ] Entering safepoint region: CollectForMetadataAllocation
[2021-10-05T18:13:20.107+0000][14.213s][1][118][info ] Leaving safepoint region
[2021-10-05T18:13:20.108+0000][14.214s][1][118][info ] Total time for which application threads were stopped: 0.0036150 seconds, Stopping threads took: 0.0014734 seconds
[2021-10-05T18:13:20.109+0000][14.215s][1][118][info ] Application time: 0.0004718 seconds
[2021-10-05T18:13:20.109+0000][14.215s][1][118][info ] Entering safepoint region: CollectForMetadataAllocation
[2021-10-05T18:13:20.110+0000][14.216s][1][118][info ] Leaving safepoint region
[2021-10-05T18:13:20.113+0000][14.219s][1][118][info ] Total time for which application threads were stopped: 0.0037654 seconds, Stopping threads took: 0.0005540 seconds
[2021-10-05T18:13:20.344+0000][14.450s][1][118][info ] Application time: 0.2295984 seconds
[2021-10-05T18:13:20.345+0000][14.451s][1][118][info ] Entering safepoint region: CollectForMetadataAllocation
[2021-10-05T18:13:20.347+0000][14.453s][1][118][info ] Leaving safepoint region
[2021-10-05T18:13:20.348+0000][14.454s][1][118][info ] Total time for which application threads were stopped: 0.0026845 seconds, Stopping threads took: 0.0008819 seconds
[2021-10-05T18:13:20.421+0000][14.527s][1][118][info ] Application time: 0.0723827 seconds
[2021-10-05T18:13:20.422+0000][14.528s][1][118][info ] Entering safepoint region: CollectForMetadataAllocation
[2021-10-05T18:13:20.425+0000][14.531s][1][118][info ] Leaving safepoint region
[2021-10-05T18:13:20.425+0000][14.531s][1][118][info ] Total time for which application threads were stopped: 0.0031441 seconds, Stopping threads took: 0.0021781 seconds
[2021-10-05T18:13:21.426+0000][15.532s][1][118][info ] Application time: 1.0002141 seconds
[2021-10-05T18:13:21.427+0000][15.533s][1][118][info ] Entering safepoint region: Cleanup
[2021-10-05T18:13:21.428+0000][15.534s][1][118][info ] Leaving safepoint region
[2021-10-05T18:13:21.429+0000][15.535s][1][118][info ] Total time for which application threads were stopped: 0.0011723 seconds, Stopping threads took: 0.0005710 seconds
[2021-10-05T18:13:22.429+0000][16.535s][1][118][info ] Application time: 1.0000905 seconds
[2021-10-05T18:13:22.489+0000][16.595s][1][118][info ] Entering safepoint region: Cleanup
[2021-10-05T18:13:22.490+0000][16.596s][1][118][info ] Leaving safepoint region
[2021-10-05T18:13:22.491+0000][16.597s][1][118][info ] Total time for which application threads were stopped: 0.0607461 seconds, Stopping threads took: 0.0600569 seconds
[2021-10-05T18:13:23.070+0000][17.176s][1][118][info ] Application time: 0.5789603 seconds
[2021-10-05T18:13:23.071+0000][17.177s][1][118][info ] Entering safepoint region: CollectForMetadataAllocation
[2021-10-05T18:13:23.073+0000][17.179s][1][118][info ] Leaving safepoint region
[2021-10-05T18:13:23.074+0000][17.180s][1][118][info ] Total time for which application threads were stopped: 0.0027228 seconds, Stopping threads took: 0.0005467 seconds
[2021-10-05T18:13:23.078+0000][17.184s][1][118][info ] Application time: 0.0034210 seconds
[2021-10-05T18:13:23.079+0000][17.185s][1][118][info ] Entering safepoint region: Deoptimize
[2021-10-05T18:13:23.080+0000][17.186s][1][118][info ] Leaving safepoint region
[2021-10-05T18:13:23.080+0000][17.186s][1][118][info ] Total time for which application threads were stopped: 0.0014473 seconds, Stopping threads took: 0.0005484 seconds
[2021-10-05T18:13:23.109+0000][17.215s][1][118][info ] Application time: 0.0283305 seconds
[2021-10-05T18:13:23.110+0000][17.216s][1][118][info ] Entering safepoint region: CollectForMetadataAllocation
[2021-10-05T18:13:23.112+0000][17.218s][1][118][info ] Leaving safepoint region
[2021-10-05T18:13:23.112+0000][17.218s][1][118][info ] Total time for which application threads were stopped: 0.0024572 seconds, Stopping threads took: 0.0006037 seconds
[2021-10-05T18:13:23.173+0000][17.279s][1][118][info ] Application time: 0.0601766 seconds
[2021-10-05T18:13:23.174+0000][17.280s][1][118][info ] Entering safepoint region: CollectForMetadataAllocation
[2021-10-05T18:13:23.175+0000][17.281s][1][118][info ] Leaving safepoint region
[2021-10-05T18:13:23.176+0000][17.282s][1][118][info ] Total time for which application threads were stopped: 0.0020528 seconds, Stopping threads took: 0.0007304 seconds
[2021-10-05T18:13:23.187+0000][17.293s][1][117][trace] CMS: promo attempt is safe: available(1958739968) >= av_promo(0), max_promo(519775648)
[2021-10-05T18:13:23.188+0000][17.294s][1][118][info ] Application time: 0.0118121 seconds
[2021-10-05T18:13:23.189+0000][17.295s][1][118][info ] Entering safepoint region: CMS_Initial_Mark
[2021-10-05T18:13:23.191+0000][17.297s][1][118][trace] GC(0) eden 0x0000000764600000-0x00000007835b25a0-0x00000007837a0000(521797632)
[2021-10-05T18:13:23.191+0000][17.297s][1][118][trace] GC(0) _eden_chunk_index=0, _eden_chunk_capacity=35829
[2021-10-05T18:13:23.192+0000][17.298s][1][118][trace] GC(0) survivor 0x00000007837a0000-0x00000007837a0000-0x00000007875d0000(65208320)
[2021-10-05T18:13:23.192+0000][17.298s][1][118][trace] GC(0) _survivor_chunk_index=0, _survivor_chunk_capacity=31840
[2021-10-05T18:13:23.326+0000][17.432s][1][118][info ] GC(0) Pause Initial Mark 495M->495M(2427M) 135.491ms
[2021-10-05T18:13:23.327+0000][17.433s][1][118][info ] Leaving safepoint region
[2021-10-05T18:13:23.327+0000][17.433s][1][118][info ] Total time for which application threads were stopped: 0.1385096 seconds, Stopping threads took: 0.0016324 seconds
[2021-10-05T18:13:23.328+0000][17.434s][1][117][info ] GC(0) Concurrent Mark
[2021-10-05T18:13:23.335+0000][17.441s][1][117][info ] GC(0) Concurrent Mark 6.788ms
[2021-10-05T18:13:23.336+0000][17.442s][1][117][info ] GC(0) Concurrent Preclean
[2021-10-05T18:13:23.341+0000][17.447s][1][117][info ] GC(0) Concurrent Preclean 5.124ms
[2021-10-05T18:13:23.342+0000][17.448s][1][117][info ] GC(0) Concurrent Abortable Preclean
[2021-10-05T18:13:23.343+0000][17.449s][1][117][trace] CMS: promo attempt is safe: available(1958739968) >= av_promo(0), max_promo(519775648)
[2021-10-05T18:13:23.383+0000][17.489s][1][118][info ] Application time: 0.0546643 seconds
[2021-10-05T18:13:23.384+0000][17.490s][1][118][info ] Entering safepoint region: CollectForMetadataAllocation
[2021-10-05T18:13:23.385+0000][17.491s][1][118][info ] Leaving safepoint region
[2021-10-05T18:13:23.386+0000][17.492s][1][118][info ] Total time for which application threads were stopped: 0.0018171 seconds, Stopping threads took: 0.0007351 seconds
[2021-10-05T18:13:23.386+0000][17.492s][1][117][trace] CMS: promo attempt is safe: available(1958739968) >= av_promo(0), max_promo(521797632)
[2021-10-05T18:13:23.403+0000][17.509s][1][118][info ] Application time: 0.0168272 seconds
[2021-10-05T18:13:23.404+0000][17.510s][1][118][info ] Entering safepoint region: GenCollectForAllocation
[2021-10-05T18:13:23.405+0000][17.511s][1][118][debug] GC(1) Heap before GC invocations=0 (full 1): par new generation   total 573248K, used 509568K [0x0000000764600000, 0x000000078b400000, 0x000000078b400000)
[2021-10-05T18:13:23.405+0000][17.511s][1][118][debug] GC(1)   eden space 509568K, 100% used [0x0000000764600000, 0x00000007837a0000, 0x00000007837a0000)
[2021-10-05T18:13:23.406+0000][17.512s][1][118][debug] GC(1)   from space 63680K,   0% used [0x00000007837a0000, 0x00000007837a0000, 0x00000007875d0000)
[2021-10-05T18:13:23.407+0000][17.513s][1][118][debug] GC(1)   to   space 63680K,   0% used [0x00000007875d0000, 0x00000007875d0000, 0x000000078b400000)
[2021-10-05T18:13:23.407+0000][17.513s][1][118][debug] GC(1)  concurrent mark-sweep generation total 1912832K, used 0K [0x000000078b400000, 0x0000000800000000, 0x0000000800000000)
[2021-10-05T18:13:23.408+0000][17.514s][1][118][debug] GC(1)  Metaspace       used 36064K, capacity 36800K, committed 37056K, reserved 1081344K
[2021-10-05T18:13:23.408+0000][17.514s][1][118][debug] GC(1)   class space    used 4031K, capacity 4328K, committed 4408K, reserved 1048576K
[2021-10-05T18:13:23.414+0000][17.520s][1][118][trace] CMS: promo attempt is safe: available(1958739968) >= av_promo(0), max_promo(521797632)
[2021-10-05T18:13:23.489+0000][17.595s][1][117][info ] GC(0) Concurrent Abortable Preclean 147.058ms
[2021-10-05T18:13:23.628+0000][17.734s][1][118][debug] GC(1) Desired survivor size 32604160 bytes, new threshold 1 (max threshold 1)
[2021-10-05T18:13:23.629+0000][17.735s][1][118][info ] GC(1) ParNew: 509568K->12118K(573248K)
[2021-10-05T18:13:23.630+0000][17.736s][1][118][info ] GC(1) CMS: 0K->0K(1912832K)
[2021-10-05T18:13:23.630+0000][17.736s][1][118][info ] GC(1) Pause Young (Allocation Failure) 497M->11M(2427M) 221.510ms
[2021-10-05T18:13:23.631+0000][17.737s][1][118][debug] GC(1) Heap after GC invocations=1 (full 1): par new generation   total 573248K, used 12118K [0x0000000764600000, 0x000000078b400000, 0x000000078b400000)
[2021-10-05T18:13:23.633+0000][17.739s][1][118][debug] GC(1)   eden space 509568K,   0% used [0x0000000764600000, 0x0000000764600000, 0x00000007837a0000)
[2021-10-05T18:13:23.634+0000][17.740s][1][118][debug] GC(1)   from space 63680K,  19% used [0x00000007875d0000, 0x00000007881a58e0, 0x000000078b400000)
[2021-10-05T18:13:23.635+0000][17.741s][1][118][debug] GC(1)   to   space 63680K,   0% used [0x00000007837a0000, 0x00000007837a0000, 0x00000007875d0000)
[2021-10-05T18:13:23.636+0000][17.742s][1][118][debug] GC(1)  concurrent mark-sweep generation total 1912832K, used 0K [0x000000078b400000, 0x0000000800000000, 0x0000000800000000)
[2021-10-05T18:13:23.637+0000][17.743s][1][118][debug] GC(1)  Metaspace       used 36064K, capacity 36800K, committed 37056K, reserved 1081344K
[2021-10-05T18:13:23.638+0000][17.744s][1][118][debug] GC(1)   class space    used 4031K, capacity 4328K, committed 4408K, reserved 1048576K
[2021-10-05T18:13:23.639+0000][17.745s][1][118][info ] Leaving safepoint region
[2021-10-05T18:13:23.640+0000][17.746s][1][118][info ] Total time for which application threads were stopped: 0.2363145 seconds, Stopping threads took: 0.0008378 seconds
[2021-10-05T18:13:23.651+0000][17.757s][1][118][info ] Application time: 0.0102721 seconds
[2021-10-05T18:13:23.652+0000][17.758s][1][118][info ] Entering safepoint region: CMS_Final_Remark
[2021-10-05T18:13:23.653+0000][17.759s][1][118][trace] GC(0) eden 0x0000000764600000-0x0000000765c92a80-0x00000007837a0000(521797632)
[2021-10-05T18:13:23.654+0000][17.760s][1][118][trace] GC(0) _eden_chunk_index=5, _eden_chunk_capacity=35829
[2021-10-05T18:13:23.654+0000][17.760s][1][118][trace] GC(0) _eden_chunk_array[0]=0x0000000764600020
[2021-10-05T18:13:23.655+0000][17.761s][1][118][trace] GC(0) _eden_chunk_array[1]=0x0000000764af9ee8
[2021-10-05T18:13:23.656+0000][17.762s][1][118][trace] GC(0) _eden_chunk_array[2]=0x0000000764ff3dc0
[2021-10-05T18:13:23.656+0000][17.762s][1][118][trace] GC(0) _eden_chunk_array[3]=0x00000007654edc98
[2021-10-05T18:13:23.657+0000][17.763s][1][118][trace] GC(0) _eden_chunk_array[4]=0x0000000765c92a80
[2021-10-05T18:13:23.658+0000][17.764s][1][118][trace] GC(0) survivor 0x00000007875d0000-0x00000007881a58e0-0x000000078b400000(65208320)
[2021-10-05T18:13:23.658+0000][17.764s][1][118][trace] GC(0) _survivor_chunk_index=0, _survivor_chunk_capacity=31840
[2021-10-05T18:13:23.667+0000][17.773s][1][118][info ] GC(0) Pause Remark 34M->34M(2427M) 13.774ms
[2021-10-05T18:13:23.668+0000][17.774s][1][118][info ] Leaving safepoint region
[2021-10-05T18:13:23.668+0000][17.774s][1][118][info ] Total time for which application threads were stopped: 0.0160540 seconds, Stopping threads took: 0.0008670 seconds
[2021-10-05T18:13:23.669+0000][17.775s][1][117][info ] GC(0) Concurrent Sweep
[2021-10-05T18:13:23.670+0000][17.776s][1][117][info ] GC(0) Concurrent Sweep 0.717ms
[2021-10-05T18:13:23.670+0000][17.776s][1][117][info ] GC(0) Concurrent Reset
[2021-10-05T18:13:23.673+0000][17.779s][1][117][info ] GC(0) Concurrent Reset 3.000ms
[2021-10-05T18:13:23.674+0000][17.780s][1][117][info ] GC(0) Old: 0K->0K(1912832K)
[2021-10-05T18:13:24.669+0000][18.775s][1][118][info ] Application time: 1.0002871 seconds
[2021-10-05T18:13:24.671+0000][18.777s][1][118][info ] Entering safepoint region: Cleanup
[2021-10-05T18:13:24.672+0000][18.778s][1][118][info ] Leaving safepoint region
[2021-10-05T18:13:24.672+0000][18.778s][1][118][info ] Total time for which application threads were stopped: 0.0022686 seconds, Stopping threads took: 0.0016294 seconds
[2021-10-05T18:13:25.489+0000][19.595s][1][118][info ] Application time: 0.8160878 seconds
[2021-10-05T18:13:25.490+0000][19.596s][1][118][info ] Entering safepoint region: Deoptimize
[2021-10-05T18:13:25.491+0000][19.597s][1][118][info ] Leaving safepoint region
[2021-10-05T18:13:25.492+0000][19.598s][1][118][info ] Total time for which application threads were stopped: 0.0023310 seconds, Stopping threads took: 0.0010128 seconds
[2021-10-05T18:13:25.511+0000][19.617s][1][118][info ] Application time: 0.0171469 seconds
[2021-10-05T18:13:25.511+0000][19.617s][1][118][info ] Entering safepoint region: Deoptimize
[2021-10-05T18:13:25.512+0000][19.618s][1][118][info ] Leaving safepoint region
[2021-10-05T18:13:25.513+0000][19.619s][1][118][info ] Total time for which application threads were stopped: 0.0015415 seconds, Stopping threads took: 0.0005310 seconds
[2021-10-05T18:13:26.391+0000][20.497s][1][118][info ] Application time: 0.8779754 seconds
[2021-10-05T18:13:26.392+0000][20.498s][1][118][info ] Entering safepoint region: ICBufferFull
[2021-10-05T18:13:26.393+0000][20.499s][1][118][info ] Leaving safepoint region
[2021-10-05T18:13:26.394+0000][20.500s][1][118][info ] Total time for which application threads were stopped: 0.0014853 seconds, Stopping threads took: 0.0007266 seconds
[2021-10-05T18:13:26.968+0000][21.074s][1][118][info ] Application time: 0.5739017 seconds
[2021-10-05T18:13:26.972+0000][21.078s][1][118][info ] Entering safepoint region: Deoptimize
[2021-10-05T18:13:26.973+0000][21.079s][1][118][info ] Leaving safepoint region
[2021-10-05T18:13:26.973+0000][21.079s][1][118][info ] Total time for which application threads were stopped: 0.0047443 seconds, Stopping threads took: 0.0037260 seconds
[2021-10-05T18:13:27.275+0000][21.381s][1][118][info ] Application time: 0.3006481 seconds
[2021-10-05T18:13:27.276+0000][21.382s][1][118][info ] Entering safepoint region: Deoptimize
[2021-10-05T18:13:27.277+0000][21.383s][1][118][info ] Leaving safepoint region
[2021-10-05T18:13:27.277+0000][21.383s][1][118][info ] Total time for which application threads were stopped: 0.0015047 seconds, Stopping threads took: 0.0005178 seconds
[2021-10-05T18:13:27.627+0000][21.733s][1][118][info ] Application time: 0.3491889 seconds
[2021-10-05T18:13:27.628+0000][21.734s][1][118][info ] Entering safepoint region: Deoptimize
[2021-10-05T18:13:27.629+0000][21.735s][1][118][info ] Leaving safepoint region
[2021-10-05T18:13:27.629+0000][21.735s][1][118][info ] Total time for which application threads were stopped: 0.0016371 seconds, Stopping threads took: 0.0005128 seconds
[2021-10-05T18:13:27.746+0000][21.852s][1][118][info ] Application time: 0.1156769 seconds
[2021-10-05T18:13:27.747+0000][21.853s][1][118][info ] Entering safepoint region: Deoptimize
[2021-10-05T18:13:27.750+0000][21.856s][1][118][info ] Leaving safepoint region
[2021-10-05T18:13:27.751+0000][21.857s][1][118][info ] Total time for which application threads were stopped: 0.0043799 seconds, Stopping threads took: 0.0007948 seconds
[2021-10-05T18:13:28.218+0000][22.324s][1][118][info ] Application time: 0.4658782 seconds
[2021-10-05T18:13:28.218+0000][22.324s][1][118][info ] Entering safepoint region: Deoptimize
[2021-10-05T18:13:28.219+0000][22.325s][1][118][info ] Leaving safepoint region
[2021-10-05T18:13:28.220+0000][22.326s][1][118][info ] Total time for which application threads were stopped: 0.0015340 seconds, Stopping threads took: 0.0004867 seconds
[2021-10-05T18:13:28.623+0000][22.729s][1][118][info ] Application time: 0.4021878 seconds
[2021-10-05T18:13:28.623+0000][22.729s][1][118][info ] Entering safepoint region: ICBufferFull
[2021-10-05T18:13:28.624+0000][22.730s][1][118][info ] Leaving safepoint region
[2021-10-05T18:13:28.625+0000][22.731s][1][118][info ] Total time for which application threads were stopped: 0.0015755 seconds, Stopping threads took: 0.0006328 seconds
[2021-10-05T18:13:29.626+0000][23.732s][1][118][info ] Application time: 1.0003051 seconds
[2021-10-05T18:13:29.627+0000][23.733s][1][118][info ] Entering safepoint region: Cleanup
[2021-10-05T18:13:29.628+0000][23.734s][1][118][info ] Leaving safepoint region
[2021-10-05T18:13:29.629+0000][23.735s][1][118][info ] Total time for which application threads were stopped: 0.0018479 seconds, Stopping threads took: 0.0008545 seconds
[2021-10-05T18:13:30.630+0000][24.736s][1][118][info ] Application time: 1.0001960 seconds
[2021-10-05T18:13:30.630+0000][24.736s][1][118][info ] Entering safepoint region: Cleanup
[2021-10-05T18:13:30.632+0000][24.738s][1][118][info ] Leaving safepoint region
[2021-10-05T18:13:30.632+0000][24.738s][1][118][info ] Total time for which application threads were stopped: 0.0018537 seconds, Stopping threads took: 0.0011519 seconds
[2021-10-05T18:13:31.633+0000][25.739s][1][118][info ] Application time: 1.0001924 seconds
[2021-10-05T18:13:31.634+0000][25.740s][1][118][info ] Entering safepoint region: Cleanup
[2021-10-05T18:13:31.635+0000][25.741s][1][118][info ] Leaving safepoint region
[2021-10-05T18:13:31.635+0000][25.741s][1][118][info ] Total time for which application threads were stopped: 0.0014219 seconds, Stopping threads took: 0.0007712 seconds
[2021-10-05T18:13:33.674+0000][27.780s][1][117][trace] CMS: promo attempt is safe: available(1958739968) >= av_promo(0), max_promo(288189464)
[2021-10-05T18:13:35.637+0000][29.743s][1][118][info ] Application time: 4.0011978 seconds
[2021-10-05T18:13:35.639+0000][29.745s][1][118][info ] Entering safepoint region: Cleanup
[2021-10-05T18:13:35.640+0000][29.746s][1][118][info ] Leaving safepoint region
[2021-10-05T18:13:35.641+0000][29.747s][1][118][info ] Total time for which application threads were stopped: 0.0020994 seconds, Stopping threads took: 0.0010032 seconds
[2021-10-05T18:13:36.912+0000][31.018s][1][118][info ] Application time: 1.2706566 seconds
[2021-10-05T18:13:36.917+0000][31.023s][1][118][info ] Entering safepoint region: Deoptimize
[2021-10-05T18:13:36.919+0000][31.025s][1][118][info ] Leaving safepoint region
[2021-10-05T18:13:36.920+0000][31.026s][1][118][info ] Total time for which application threads were stopped: 0.0071326 seconds, Stopping threads took: 0.0051526 seconds
[2021-10-05T18:13:36.938+0000][31.044s][1][118][info ] Application time: 0.0172085 seconds
[2021-10-05T18:13:36.939+0000][31.045s][1][118][info ] Entering safepoint region: Deoptimize
[2021-10-05T18:13:36.940+0000][31.046s][1][118][info ] Leaving safepoint region
[2021-10-05T18:13:36.941+0000][31.047s][1][118][info ] Total time for which application threads were stopped: 0.0021839 seconds, Stopping threads took: 0.0007357 seconds
[2021-10-05T18:13:37.942+0000][32.048s][1][118][info ] Application time: 1.0002059 seconds
[2021-10-05T18:13:37.942+0000][32.048s][1][118][info ] Entering safepoint region: Cleanup
[2021-10-05T18:13:37.943+0000][32.049s][1][118][info ] Leaving safepoint region
[2021-10-05T18:13:37.944+0000][32.050s][1][118][info ] Total time for which application threads were stopped: 0.0012942 seconds, Stopping threads took: 0.0005858 seconds
[2021-10-05T18:13:38.945+0000][33.051s][1][118][info ] Application time: 1.0003977 seconds
[2021-10-05T18:13:38.947+0000][33.053s][1][118][info ] Entering safepoint region: Cleanup
[2021-10-05T18:13:38.948+0000][33.054s][1][118][info ] Leaving safepoint region
[2021-10-05T18:13:38.949+0000][33.055s][1][118][info ] Total time for which application threads were stopped: 0.0023838 seconds, Stopping threads took: 0.0012545 seconds
[2021-10-05T18:13:43.675+0000][37.781s][1][117][trace] CMS: promo attempt is safe: available(1958739968) >= av_promo(0), max_promo(319379992)
[2021-10-05T18:13:44.951+0000][39.057s][1][118][info ] Application time: 6.0018905 seconds
[2021-10-05T18:13:44.952+0000][39.058s][1][118][info ] Entering safepoint region: Cleanup
[2021-10-05T18:13:44.953+0000][39.059s][1][118][info ] Leaving safepoint region
[2021-10-05T18:13:44.954+0000][39.060s][1][118][info ] Total time for which application threads were stopped: 0.0015946 seconds, Stopping threads took: 0.0007304 seconds
[2021-10-05T18:13:50.922+0000][45.062s][1][118][info ] Application time: 6.0020017 seconds
[2021-10-05T18:13:50.924+0000][45.064s][1][118][info ] Entering safepoint region: Cleanup
[2021-10-05T18:13:50.925+0000][45.065s][1][118][info ] Leaving safepoint region
[2021-10-05T18:13:50.926+0000][45.066s][1][118][info ] Total time for which application threads were stopped: 0.0018816 seconds, Stopping threads took: 0.0009329 seconds
[2021-10-05T18:13:53.642+0000][47.782s][1][117][trace] CMS: promo attempt is safe: available(1958739968) >= av_promo(0), max_promo(342698432)
[2021-10-05T18:13:56.928+0000][51.068s][1][118][info ] Application time: 6.0016920 seconds
[2021-10-05T18:13:56.929+0000][51.069s][1][118][info ] Entering safepoint region: Cleanup
[2021-10-05T18:13:56.930+0000][51.070s][1][118][info ] Leaving safepoint region
[2021-10-05T18:13:56.931+0000][51.071s][1][118][info ] Total time for which application threads were stopped: 0.0018997 seconds, Stopping threads took: 0.0008717 seconds
[2021-10-05T18:13:57.933+0000][52.073s][1][118][info ] Application time: 1.0003903 seconds
[2021-10-05T18:13:57.935+0000][52.075s][1][118][info ] Entering safepoint region: Cleanup
[2021-10-05T18:13:57.936+0000][52.076s][1][118][info ] Leaving safepoint region
[2021-10-05T18:13:57.937+0000][52.077s][1][118][info ] Total time for which application threads were stopped: 0.0023068 seconds, Stopping threads took: 0.0011178 seconds
[2021-10-05T18:13:58.619+0000][52.759s][1][118][info ] Application time: 0.6816054 seconds
[2021-10-05T18:13:58.620+0000][52.760s][1][118][info ] Entering safepoint region: ICBufferFull
[2021-10-05T18:13:58.621+0000][52.761s][1][118][info ] Leaving safepoint region
[2021-10-05T18:13:58.622+0000][52.761s][1][118][info ] Total time for which application threads were stopped: 0.0014209 seconds, Stopping threads took: 0.0005724 seconds
[2021-10-05T18:13:59.622+0000][53.762s][1][118][info ] Application time: 1.0003699 seconds
[2021-10-05T18:13:59.623+0000][53.763s][1][118][info ] Entering safepoint region: Cleanup
[2021-10-05T18:13:59.625+0000][53.764s][1][118][info ] Leaving safepoint region
[2021-10-05T18:13:59.625+0000][53.765s][1][118][info ] Total time for which application threads were stopped: 0.0018903 seconds, Stopping threads took: 0.0009452 seconds
[2021-10-05T18:14:02.628+0000][56.768s][1][118][info ] Application time: 3.0018538 seconds
[2021-10-05T18:14:02.630+0000][56.770s][1][118][info ] Entering safepoint region: Cleanup
[2021-10-05T18:14:02.631+0000][56.771s][1][118][info ] Leaving safepoint region
[2021-10-05T18:14:02.632+0000][56.772s][1][118][info ] Total time for which application threads were stopped: 0.0021799 seconds, Stopping threads took: 0.0010034 seconds
[2021-10-05T18:14:03.633+0000][57.773s][1][118][info ] Application time: 1.0005195 seconds
[2021-10-05T18:14:03.636+0000][57.776s][1][118][info ] Entering safepoint region: Cleanup
[2021-10-05T18:14:03.637+0000][57.777s][1][118][info ] Leaving safepoint region
[2021-10-05T18:14:03.638+0000][57.778s][1][118][info ] Total time for which application threads were stopped: 0.0028754 seconds, Stopping threads took: 0.0017492 seconds
[2021-10-05T18:14:03.644+0000][57.784s][1][117][trace] CMS: promo attempt is safe: available(1958739968) >= av_promo(0), max_promo(354184568)
[2021-10-05T18:14:04.639+0000][58.779s][1][118][info ] Application time: 1.0002225 seconds
[2021-10-05T18:14:04.640+0000][58.780s][1][118][info ] Entering safepoint region: Cleanup
[2021-10-05T18:14:04.641+0000][58.781s][1][118][info ] Leaving safepoint region
[2021-10-05T18:14:04.641+0000][58.781s][1][118][info ] Total time for which application threads were stopped: 0.0013581 seconds, Stopping threads took: 0.0007336 seconds
[2021-10-05T18:14:07.643+0000][61.783s][1][118][info ] Application time: 3.0011904 seconds
[2021-10-05T18:14:07.645+0000][61.785s][1][118][info ] Entering safepoint region: Cleanup
[2021-10-05T18:14:07.647+0000][61.787s][1][118][info ] Leaving safepoint region
[2021-10-05T18:14:07.648+0000][61.788s][1][118][info ] Total time for which application threads were stopped: 0.0030391 seconds, Stopping threads took: 0.0017420 seconds
[2021-10-05T18:14:12.650+0000][66.790s][1][118][info ] Application time: 5.0013368 seconds
[2021-10-05T18:14:12.651+0000][66.791s][1][118][info ] Entering safepoint region: Cleanup
[2021-10-05T18:14:12.652+0000][66.792s][1][118][info ] Leaving safepoint region
[2021-10-05T18:14:12.652+0000][66.792s][1][118][info ] Total time for which application threads were stopped: 0.0013745 seconds, Stopping threads took: 0.0006633 seconds
[2021-10-05T18:14:13.644+0000][67.784s][1][117][trace] CMS: promo attempt is safe: available(1958739968) >= av_promo(0), max_promo(362214728)
[2021-10-05T18:14:14.653+0000][68.793s][1][118][info ] Application time: 2.0005601 seconds
[2021-10-05T18:14:14.655+0000][68.795s][1][118][info ] Entering safepoint region: Cleanup
[2021-10-05T18:14:14.656+0000][68.796s][1][118][info ] Leaving safepoint region
[2021-10-05T18:14:14.657+0000][68.797s][1][118][info ] Total time for which application threads were stopped: 0.0023429 seconds, Stopping threads took: 0.0010729 seconds
[2021-10-05T18:14:18.626+0000][72.800s][1][118][info ] Application time: 4.0016205 seconds
[2021-10-05T18:14:18.627+0000][72.801s][1][118][info ] Entering safepoint region: Cleanup
[2021-10-05T18:14:18.629+0000][72.803s][1][118][info ] Leaving safepoint region
[2021-10-05T18:14:18.630+0000][72.804s][1][118][info ] Total time for which application threads were stopped: 0.0024069 seconds, Stopping threads took: 0.0012181 seconds
[2021-10-05T18:14:23.612+0000][77.786s][1][117][trace] CMS: promo attempt is safe: available(1958739968) >= av_promo(0), max_promo(393524216)
[2021-10-05T18:14:23.632+0000][77.806s][1][118][info ] Application time: 5.0013974 seconds
[2021-10-05T18:14:23.633+0000][77.807s][1][118][info ] Entering safepoint region: Cleanup
[2021-10-05T18:14:23.634+0000][77.808s][1][118][info ] Leaving safepoint region
[2021-10-05T18:14:23.635+0000][77.809s][1][118][info ] Total time for which application threads were stopped: 0.0016219 seconds, Stopping threads took: 0.0009020 seconds
[2021-10-05T18:14:26.637+0000][80.811s][1][118][info ] Application time: 3.0012971 seconds
[2021-10-05T18:14:26.638+0000][80.812s][1][118][info ] Entering safepoint region: Cleanup
[2021-10-05T18:14:26.638+0000][80.812s][1][118][info ] Leaving safepoint region
[2021-10-05T18:14:26.639+0000][80.813s][1][118][info ] Total time for which application threads were stopped: 0.0012373 seconds, Stopping threads took: 0.0006061 seconds
[2021-10-05T18:14:27.640+0000][81.814s][1][118][info ] Application time: 1.0001912 seconds
[2021-10-05T18:14:27.641+0000][81.815s][1][118][info ] Entering safepoint region: Cleanup
[2021-10-05T18:14:27.641+0000][81.815s][1][118][info ] Leaving safepoint region
[2021-10-05T18:14:27.642+0000][81.816s][1][118][info ] Total time for which application threads were stopped: 0.0014495 seconds, Stopping threads took: 0.0007964 seconds
[2021-10-05T18:14:31.644+0000][85.818s][1][118][info ] Application time: 4.0015601 seconds
[2021-10-05T18:14:31.645+0000][85.819s][1][118][info ] Entering safepoint region: Cleanup
[2021-10-05T18:14:31.646+0000][85.820s][1][118][info ] Leaving safepoint region
[2021-10-05T18:14:31.647+0000][85.821s][1][118][info ] Total time for which application threads were stopped: 0.0018312 seconds, Stopping threads took: 0.0009159 seconds
[2021-10-05T18:14:33.614+0000][87.788s][1][117][trace] CMS: promo attempt is safe: available(1958739968) >= av_promo(0), max_promo(402357272)
[2021-10-05T18:14:33.649+0000][87.823s][1][118][info ] Application time: 2.0008093 seconds
[2021-10-05T18:14:33.650+0000][87.824s][1][118][info ] Entering safepoint region: Cleanup
[2021-10-05T18:14:33.651+0000][87.825s][1][118][info ] Leaving safepoint region
[2021-10-05T18:14:33.652+0000][87.826s][1][118][info ] Total time for which application threads were stopped: 0.0019842 seconds, Stopping threads took: 0.0009897 seconds
[2021-10-05T18:14:35.654+0000][89.828s][1][118][info ] Application time: 2.0007360 seconds
[2021-10-05T18:14:35.655+0000][89.829s][1][118][info ] Entering safepoint region: Cleanup
[2021-10-05T18:14:35.656+0000][89.830s][1][118][info ] Leaving safepoint region
[2021-10-05T18:14:35.657+0000][89.831s][1][118][info ] Total time for which application threads were stopped: 0.0019551 seconds, Stopping threads took: 0.0007630 seconds
[2021-10-05T18:14:43.615+0000][97.789s][1][117][trace] CMS: promo attempt is safe: available(1958739968) >= av_promo(0), max_promo(410386232)
[2021-10-05T18:14:46.662+0000][100.835s][1][118][info ] Application time: 11.0034751 seconds
[2021-10-05T18:14:46.663+0000][100.837s][1][118][info ] Entering safepoint region: Cleanup
[2021-10-05T18:14:46.664+0000][100.838s][1][118][info ] Leaving safepoint region
[2021-10-05T18:14:46.665+0000][100.839s][1][118][info ] Total time for which application threads were stopped: 0.0013549 seconds, Stopping threads took: 0.0007954 seconds
[2021-10-05T18:14:50.632+0000][104.840s][1][118][info ] Application time: 4.0010800 seconds
[2021-10-05T18:14:50.634+0000][104.842s][1][118][info ] Entering safepoint region: Cleanup
[2021-10-05T18:14:50.635+0000][104.843s][1][118][info ] Leaving safepoint region
[2021-10-05T18:14:50.636+0000][104.844s][1][118][info ] Total time for which application threads were stopped: 0.0015355 seconds, Stopping threads took: 0.0008316 seconds
[2021-10-05T18:14:53.595+0000][107.803s][1][117][trace] CMS: promo attempt is safe: available(1958739968) >= av_promo(0), max_promo(420022184)
[2021-10-05T18:15:03.595+0000][117.803s][1][117][trace] CMS: promo attempt is safe: available(1958739968) >= av_promo(0), max_promo(428051144)
[2021-10-05T18:15:13.596+0000][127.804s][1][117][trace] CMS: promo attempt is safe: available(1958739968) >= av_promo(0), max_promo(436884200)
[2021-10-05T18:15:19.613+0000][133.854s][1][118][info ] Application time: 29.0100196 seconds
[2021-10-05T18:15:19.614+0000][133.856s][1][118][info ] Entering safepoint region: Cleanup
[2021-10-05T18:15:19.615+0000][133.856s][1][118][info ] Leaving safepoint region
[2021-10-05T18:15:19.615+0000][133.857s][1][118][info ] Total time for which application threads were stopped: 0.0016880 seconds, Stopping threads took: 0.0007325 seconds
[2021-10-05T18:15:20.617+0000][134.858s][1][118][info ] Application time: 1.0002827 seconds
[2021-10-05T18:15:20.618+0000][134.860s][1][118][info ] Entering safepoint region: Cleanup
[2021-10-05T18:15:20.620+0000][134.861s][1][118][info ] Leaving safepoint region
[2021-10-05T18:15:20.621+0000][134.862s][1][118][info ] Total time for which application threads were stopped: 0.0028083 seconds, Stopping threads took: 0.0016095 seconds
[2021-10-05T18:15:21.622+0000][135.863s][1][118][info ] Application time: 1.0002109 seconds
[2021-10-05T18:15:21.623+0000][135.865s][1][118][info ] Entering safepoint region: Cleanup
[2021-10-05T18:15:21.624+0000][135.866s][1][118][info ] Leaving safepoint region
[2021-10-05T18:15:21.625+0000][135.867s][1][118][info ] Total time for which application threads were stopped: 0.0021357 seconds, Stopping threads took: 0.0010936 seconds
[2021-10-05T18:15:23.563+0000][137.805s][1][117][trace] CMS: promo attempt is safe: available(1958739968) >= av_promo(0), max_promo(455996712)
[2021-10-05T18:15:24.627+0000][138.869s][1][118][info ] Application time: 3.0007939 seconds
[2021-10-05T18:15:24.629+0000][138.870s][1][118][info ] Entering safepoint region: Cleanup
[2021-10-05T18:15:24.629+0000][138.871s][1][118][info ] Leaving safepoint region
[2021-10-05T18:15:24.630+0000][138.872s][1][118][info ] Total time for which application threads were stopped: 0.0016995 seconds, Stopping threads took: 0.0008430 seconds
[2021-10-05T18:15:26.632+0000][140.873s][1][118][info ] Application time: 2.0004924 seconds
[2021-10-05T18:15:26.632+0000][140.874s][1][118][info ] Entering safepoint region: Cleanup
[2021-10-05T18:15:26.633+0000][140.875s][1][118][info ] Leaving safepoint region
[2021-10-05T18:15:26.634+0000][140.875s][1][118][info ] Total time for which application threads were stopped: 0.0014406 seconds, Stopping threads took: 0.0007103 seconds
[2021-10-05T18:15:26.919+0000][141.161s][1][118][info ] Application time: 0.2846779 seconds
[2021-10-05T18:15:26.920+0000][141.162s][1][118][info ] Entering safepoint region: Deoptimize
[2021-10-05T18:15:26.922+0000][141.164s][1][118][info ] Leaving safepoint region
[2021-10-05T18:15:26.923+0000][141.164s][1][118][info ] Total time for which application threads were stopped: 0.0026416 seconds, Stopping threads took: 0.0008214 seconds
[2021-10-05T18:15:27.924+0000][142.165s][1][118][info ] Application time: 1.0002902 seconds
[2021-10-05T18:15:27.925+0000][142.166s][1][118][info ] Entering safepoint region: Cleanup
[2021-10-05T18:15:27.927+0000][142.168s][1][118][info ] Leaving safepoint region
[2021-10-05T18:15:27.927+0000][142.169s][1][118][info ] Total time for which application threads were stopped: 0.0024827 seconds, Stopping threads took: 0.0016531 seconds
[2021-10-05T18:15:28.928+0000][143.170s][1][118][info ] Application time: 1.0002558 seconds
[2021-10-05T18:15:28.929+0000][143.170s][1][118][info ] Entering safepoint region: Cleanup
[2021-10-05T18:15:28.930+0000][143.172s][1][118][info ] Leaving safepoint region
[2021-10-05T18:15:28.931+0000][143.172s][1][118][info ] Total time for which application threads were stopped: 0.0018925 seconds, Stopping threads took: 0.0008937 seconds
[2021-10-05T18:15:30.932+0000][145.174s][1][118][info ] Application time: 2.0005483 seconds
[2021-10-05T18:15:30.933+0000][145.175s][1][118][info ] Entering safepoint region: Cleanup
[2021-10-05T18:15:30.935+0000][145.176s][1][118][info ] Leaving safepoint region
[2021-10-05T18:15:30.936+0000][145.177s][1][118][info ] Total time for which application threads were stopped: 0.0022240 seconds, Stopping threads took: 0.0011938 seconds
[2021-10-05T18:15:33.564+0000][147.806s][1][117][trace] CMS: promo attempt is safe: available(1958739968) >= av_promo(0), max_promo(470455488)
[2021-10-05T18:15:37.938+0000][152.180s][1][118][info ] Application time: 7.0020096 seconds
[2021-10-05T18:15:37.940+0000][152.182s][1][118][info ] Entering safepoint region: Cleanup
[2021-10-05T18:15:37.941+0000][152.183s][1][118][info ] Leaving safepoint region
[2021-10-05T18:15:37.942+0000][152.184s][1][118][info ] Total time for which application threads were stopped: 0.0016600 seconds, Stopping threads took: 0.0008554 seconds
[2021-10-05T18:15:41.944+0000][156.185s][1][118][info ] Application time: 4.0011989 seconds
[2021-10-05T18:15:41.945+0000][156.187s][1][118][info ] Entering safepoint region: Cleanup
[2021-10-05T18:15:41.946+0000][156.188s][1][118][info ] Leaving safepoint region
[2021-10-05T18:15:41.947+0000][156.189s][1][118][info ] Total time for which application threads were stopped: 0.0024275 seconds, Stopping threads took: 0.0010683 seconds
[2021-10-05T18:15:43.565+0000][157.807s][1][117][trace] CMS: promo attempt is safe: available(1958739968) >= av_promo(0), max_promo(479288544)
[2021-10-05T18:15:45.950+0000][160.191s][1][118][info ] Application time: 4.0012284 seconds
[2021-10-05T18:15:45.951+0000][160.193s][1][118][info ] Entering safepoint region: Cleanup
[2021-10-05T18:15:45.952+0000][160.194s][1][118][info ] Leaving safepoint region
[2021-10-05T18:15:45.953+0000][160.194s][1][118][info ] Total time for which application threads were stopped: 0.0016382 seconds, Stopping threads took: 0.0007800 seconds
[2021-10-05T18:15:53.533+0000][167.808s][1][117][trace] CMS: promo attempt is safe: available(1958739968) >= av_promo(0), max_promo(487317504)
[2021-10-05T18:15:53.922+0000][168.198s][1][118][info ] Application time: 8.0032013 seconds
[2021-10-05T18:15:53.924+0000][168.200s][1][118][info ] Entering safepoint region: Cleanup
[2021-10-05T18:15:53.925+0000][168.201s][1][118][info ] Leaving safepoint region
[2021-10-05T18:15:53.926+0000][168.202s][1][118][info ] Total time for which application threads were stopped: 0.0023919 seconds, Stopping threads took: 0.0012164 seconds
[2021-10-05T18:15:56.928+0000][171.204s][1][118][info ] Application time: 3.0009330 seconds
[2021-10-05T18:15:56.930+0000][171.206s][1][118][info ] Entering safepoint region: Cleanup
[2021-10-05T18:15:56.931+0000][171.207s][1][118][info ] Leaving safepoint region
[2021-10-05T18:15:56.932+0000][171.208s][1][118][info ] Total time for which application threads were stopped: 0.0020256 seconds, Stopping threads took: 0.0011504 seconds
[2021-10-05T18:16:03.534+0000][177.810s][1][117][trace] CMS: promo attempt is safe: available(1958739968) >= av_promo(0), max_promo(496953376)
[2021-10-05T18:16:07.936+0000][182.212s][1][118][info ] Application time: 11.0034675 seconds
[2021-10-05T18:16:07.937+0000][182.213s][1][118][info ] Entering safepoint region: Cleanup
[2021-10-05T18:16:07.939+0000][182.215s][1][118][info ] Leaving safepoint region
[2021-10-05T18:16:07.940+0000][182.216s][1][118][info ] Total time for which application threads were stopped: 0.0030233 seconds, Stopping threads took: 0.0020601 seconds
[2021-10-05T18:16:08.941+0000][183.217s][1][118][info ] Application time: 1.0004134 seconds
[2021-10-05T18:16:08.942+0000][183.218s][1][118][info ] Entering safepoint region: Cleanup
[2021-10-05T18:16:08.943+0000][183.219s][1][118][info ] Leaving safepoint region
[2021-10-05T18:16:08.944+0000][183.220s][1][118][info ] Total time for which application threads were stopped: 0.0016120 seconds, Stopping threads took: 0.0008385 seconds
[2021-10-05T18:16:10.946+0000][185.222s][1][118][info ] Application time: 2.0012016 seconds
[2021-10-05T18:16:10.948+0000][185.224s][1][118][info ] Entering safepoint region: Cleanup
[2021-10-05T18:16:10.949+0000][185.225s][1][118][info ] Leaving safepoint region
[2021-10-05T18:16:10.950+0000][185.226s][1][118][info ] Total time for which application threads were stopped: 0.0019763 seconds, Stopping threads took: 0.0009962 seconds
[2021-10-05T18:16:13.536+0000][187.811s][1][117][trace] CMS: promo attempt is safe: available(1958739968) >= av_promo(0), max_promo(504982336)
[2021-10-05T18:16:14.953+0000][189.228s][1][118][info ] Application time: 4.0014051 seconds
[2021-10-05T18:16:14.953+0000][189.229s][1][118][info ] Entering safepoint region: Cleanup
[2021-10-05T18:16:14.954+0000][189.230s][1][118][info ] Leaving safepoint region
[2021-10-05T18:16:14.955+0000][189.231s][1][118][info ] Total time for which application threads were stopped: 0.0015097 seconds, Stopping threads took: 0.0006373 seconds
[2021-10-05T18:16:15.956+0000][190.232s][1][118][info ] Application time: 1.0002452 seconds
[2021-10-05T18:16:15.957+0000][190.233s][1][118][info ] Entering safepoint region: Cleanup
[2021-10-05T18:16:15.958+0000][190.234s][1][118][info ] Leaving safepoint region
[2021-10-05T18:16:15.959+0000][190.234s][1][118][info ] Total time for which application threads were stopped: 0.0018054 seconds, Stopping threads took: 0.0009831 seconds
[2021-10-05T18:16:23.503+0000][197.813s][1][117][trace] CMS: promo attempt is safe: available(1958739968) >= av_promo(0), max_promo(519836192)
[2021-10-05T18:16:26.929+0000][201.239s][1][118][info ] Application time: 11.0036964 seconds
[2021-10-05T18:16:26.930+0000][201.240s][1][118][info ] Entering safepoint region: Cleanup
[2021-10-05T18:16:26.931+0000][201.241s][1][118][info ] Leaving safepoint region
[2021-10-05T18:16:26.931+0000][201.241s][1][118][info ] Total time for which application threads were stopped: 0.0015372 seconds, Stopping threads took: 0.0008039 seconds
[2021-10-05T18:16:33.512+0000][207.822s][1][117][trace] CMS: promo attempt is safe: available(1958739968) >= av_promo(0), max_promo(527865152)
[2021-10-05T18:16:40.748+0000][215.058s][1][118][info ] Application time: 13.8160168 seconds
[2021-10-05T18:16:40.749+0000][215.059s][1][118][info ] Entering safepoint region: GenCollectForAllocation
[2021-10-05T18:16:40.751+0000][215.061s][1][118][debug] GC(2) Heap before GC invocations=1 (full 1): par new generation   total 573248K, used 521686K [0x0000000764600000, 0x000000078b400000, 0x000000078b400000)
[2021-10-05T18:16:40.751+0000][215.061s][1][118][debug] GC(2)   eden space 509568K, 100% used [0x0000000764600000, 0x00000007837a0000, 0x00000007837a0000)
[2021-10-05T18:16:40.752+0000][215.062s][1][118][debug] GC(2)   from space 63680K,  19% used [0x00000007875d0000, 0x00000007881a58e0, 0x000000078b400000)
[2021-10-05T18:16:40.753+0000][215.063s][1][118][debug] GC(2)   to   space 63680K,   0% used [0x00000007837a0000, 0x00000007837a0000, 0x00000007875d0000)
[2021-10-05T18:16:40.754+0000][215.064s][1][118][debug] GC(2)  concurrent mark-sweep generation total 1912832K, used 0K [0x000000078b400000, 0x0000000800000000, 0x0000000800000000)
[2021-10-05T18:16:40.754+0000][215.064s][1][118][debug] GC(2)  Metaspace       used 53104K, capacity 54489K, committed 54720K, reserved 1097728K
[2021-10-05T18:16:40.755+0000][215.065s][1][118][debug] GC(2)   class space    used 6873K, capacity 7449K, committed 7480K, reserved 1048576K
[2021-10-05T18:16:40.756+0000][215.066s][1][118][trace] CMS: promo attempt is safe: available(1958739968) >= av_promo(0), max_promo(534206688)
[2021-10-05T18:16:41.294+0000][215.604s][1][118][debug] GC(2) Desired survivor size 32604160 bytes, new threshold 1 (max threshold 1)
[2021-10-05T18:16:41.296+0000][215.606s][1][118][info ] GC(2) ParNew: 521686K->41057K(573248K)
[2021-10-05T18:16:41.296+0000][215.606s][1][118][info ] GC(2) CMS: 0K->11832K(1912832K)
[2021-10-05T18:16:41.297+0000][215.607s][1][118][info ] GC(2) Pause Young (Allocation Failure) 509M->51M(2427M) 540.827ms
[2021-10-05T18:16:41.297+0000][215.607s][1][118][debug] GC(2) Heap after GC invocations=2 (full 1): par new generation   total 573248K, used 41057K [0x0000000764600000, 0x000000078b400000, 0x000000078b400000)
[2021-10-05T18:16:41.298+0000][215.608s][1][118][debug] GC(2)   eden space 509568K,   0% used [0x0000000764600000, 0x0000000764600000, 0x00000007837a0000)
[2021-10-05T18:16:41.299+0000][215.608s][1][118][debug] GC(2)   from space 63680K,  64% used [0x00000007837a0000, 0x0000000785fb85e8, 0x00000007875d0000)
[2021-10-05T18:16:41.299+0000][215.609s][1][118][debug] GC(2)   to   space 63680K,   0% used [0x00000007875d0000, 0x00000007875d0000, 0x000000078b400000)
[2021-10-05T18:16:41.299+0000][215.609s][1][118][debug] GC(2)  concurrent mark-sweep generation total 1912832K, used 11832K [0x000000078b400000, 0x0000000800000000, 0x0000000800000000)
[2021-10-05T18:16:41.300+0000][215.610s][1][118][debug] GC(2)  Metaspace       used 53104K, capacity 54489K, committed 54720K, reserved 1097728K
[2021-10-05T18:16:41.300+0000][215.610s][1][118][debug] GC(2)   class space    used 6873K, capacity 7449K, committed 7480K, reserved 1048576K
[2021-10-05T18:16:41.301+0000][215.611s][1][118][info ] Leaving safepoint region
[2021-10-05T18:16:41.301+0000][215.611s][1][118][info ] Total time for which application threads were stopped: 0.5517856 seconds, Stopping threads took: 0.0010902 seconds
[2021-10-05T18:16:41.303+0000][215.613s][1][117][trace] CMS: promo attempt is safe: available(1946623752) >= av_promo(15145270), max_promo(60908088)
[2021-10-05T18:16:42.302+0000][216.612s][1][118][info ] Application time: 1.0004152 seconds
[2021-10-05T18:16:42.304+0000][216.613s][1][118][info ] Entering safepoint region: Cleanup
[2021-10-05T18:16:42.305+0000][216.615s][1][118][info ] Leaving safepoint region
[2021-10-05T18:16:42.305+0000][216.615s][1][118][info ] Total time for which application threads were stopped: 0.0019730 seconds, Stopping threads took: 0.0011401 seconds
[2021-10-05T18:16:45.307+0000][219.617s][1][118][info ] Application time: 3.0008444 seconds
[2021-10-05T18:16:45.308+0000][219.618s][1][118][info ] Entering safepoint region: Cleanup
[2021-10-05T18:16:45.310+0000][219.620s][1][118][info ] Leaving safepoint region
[2021-10-05T18:16:45.310+0000][219.620s][1][118][info ] Total time for which application threads were stopped: 0.0019547 seconds, Stopping threads took: 0.0010262 seconds
[2021-10-05T18:16:49.279+0000][223.623s][1][118][info ] Application time: 4.0015268 seconds
[2021-10-05T18:16:49.281+0000][223.625s][1][118][info ] Entering safepoint region: Cleanup
[2021-10-05T18:16:49.282+0000][223.626s][1][118][info ] Leaving safepoint region
[2021-10-05T18:16:49.283+0000][223.627s][1][118][info ] Total time for which application threads were stopped: 0.0020095 seconds, Stopping threads took: 0.0010778 seconds
[2021-10-05T18:16:51.269+0000][225.613s][1][117][trace] CMS: promo attempt is safe: available(1946623752) >= av_promo(15145270), max_promo(80278576)
[2021-10-05T18:16:54.286+0000][228.630s][1][118][info ] Application time: 5.0019764 seconds
[2021-10-05T18:16:54.288+0000][228.632s][1][118][info ] Entering safepoint region: Cleanup
[2021-10-05T18:16:54.289+0000][228.633s][1][118][info ] Leaving safepoint region
[2021-10-05T18:16:54.290+0000][228.634s][1][118][info ] Total time for which application threads were stopped: 0.0022096 seconds, Stopping threads took: 0.0011467 seconds
[2021-10-05T18:17:01.271+0000][235.615s][1][117][trace] CMS: promo attempt is safe: available(1946623752) >= av_promo(15145270), max_promo(84819272)
[2021-10-05T18:17:01.294+0000][235.638s][1][118][info ] Application time: 7.0025201 seconds
[2021-10-05T18:17:01.295+0000][235.639s][1][118][info ] Entering safepoint region: Cleanup
[2021-10-05T18:17:01.297+0000][235.640s][1][118][info ] Leaving safepoint region
[2021-10-05T18:17:01.297+0000][235.641s][1][118][info ] Total time for which application threads were stopped: 0.0020944 seconds, Stopping threads took: 0.0011198 seconds
[2021-10-05T18:17:02.298+0000][236.642s][1][118][info ] Application time: 1.0002775 seconds
[2021-10-05T18:17:02.300+0000][236.644s][1][118][info ] Entering safepoint region: Cleanup
[2021-10-05T18:17:02.301+0000][236.644s][1][118][info ] Leaving safepoint region
[2021-10-05T18:17:02.301+0000][236.645s][1][118][info ] Total time for which application threads were stopped: 0.0017523 seconds, Stopping threads took: 0.0008238 seconds
[2021-10-05T18:17:08.305+0000][242.648s][1][118][info ] Application time: 6.0023971 seconds
[2021-10-05T18:17:08.306+0000][242.650s][1][118][info ] Entering safepoint region: Cleanup
[2021-10-05T18:17:08.307+0000][242.651s][1][118][info ] Leaving safepoint region
[2021-10-05T18:17:08.308+0000][242.652s][1][118][info ] Total time for which application threads were stopped: 0.0019951 seconds, Stopping threads took: 0.0010372 seconds
[2021-10-05T18:17:11.272+0000][245.616s][1][117][trace] CMS: promo attempt is safe: available(1946623752) >= av_promo(15145270), max_promo(89359968)
[2021-10-05T18:17:12.310+0000][246.654s][1][118][info ] Application time: 4.0015928 seconds
[2021-10-05T18:17:12.312+0000][246.656s][1][118][info ] Entering safepoint region: Cleanup
[2021-10-05T18:17:12.313+0000][246.657s][1][118][info ] Leaving safepoint region
[2021-10-05T18:17:12.314+0000][246.657s][1][118][info ] Total time for which application threads were stopped: 0.0017084 seconds, Stopping threads took: 0.0008249 seconds
[2021-10-05T18:17:15.315+0000][249.659s][1][118][info ] Application time: 3.0009884 seconds
[2021-10-05T18:17:15.317+0000][249.661s][1][118][info ] Entering safepoint region: Cleanup
[2021-10-05T18:17:15.318+0000][249.661s][1][118][info ] Leaving safepoint region
[2021-10-05T18:17:15.318+0000][249.662s][1][118][info ] Total time for which application threads were stopped: 0.0016451 seconds, Stopping threads took: 0.0007219 seconds
[2021-10-05T18:17:17.320+0000][251.664s][1][118][info ] Application time: 2.0007648 seconds
[2021-10-05T18:17:17.321+0000][251.664s][1][118][info ] Entering safepoint region: Cleanup
[2021-10-05T18:17:17.321+0000][251.665s][1][118][info ] Leaving safepoint region
[2021-10-05T18:17:17.322+0000][251.666s][1][118][info ] Total time for which application threads were stopped: 0.0011436 seconds, Stopping threads took: 0.0005316 seconds
[2021-10-05T18:17:18.288+0000][252.666s][1][118][info ] Application time: 1.0002174 seconds
[2021-10-05T18:17:18.289+0000][252.667s][1][118][info ] Entering safepoint region: Cleanup
[2021-10-05T18:17:18.290+0000][252.668s][1][118][info ] Leaving safepoint region
[2021-10-05T18:17:18.290+0000][252.668s][1][118][info ] Total time for which application threads were stopped: 0.0012596 seconds, Stopping threads took: 0.0006455 seconds
[2021-10-05T18:17:20.291+0000][254.669s][1][118][info ] Application time: 2.0004887 seconds
[2021-10-05T18:17:20.292+0000][254.670s][1][118][info ] Entering safepoint region: Cleanup
[2021-10-05T18:17:20.293+0000][254.671s][1][118][info ] Leaving safepoint region
[2021-10-05T18:17:20.294+0000][254.672s][1][118][info ] Total time for which application threads were stopped: 0.0018594 seconds, Stopping threads took: 0.0008269 seconds
[2021-10-05T18:17:21.240+0000][255.617s][1][117][trace] CMS: promo attempt is safe: available(1946623752) >= av_promo(15145270), max_promo(116160136)
[2021-10-05T18:17:21.296+0000][255.674s][1][118][info ] Application time: 1.0008553 seconds
[2021-10-05T18:17:21.298+0000][255.675s][1][118][info ] Entering safepoint region: Cleanup
[2021-10-05T18:17:21.300+0000][255.678s][1][118][info ] Leaving safepoint region
[2021-10-05T18:17:21.301+0000][255.679s][1][118][info ] Total time for which application threads were stopped: 0.0039107 seconds, Stopping threads took: 0.0021763 seconds
[2021-10-05T18:17:22.947+0000][257.325s][1][117][trace] CMS: promo attempt is safe: available(1946623752) >= av_promo(15145270), max_promo(185692416)
[2021-10-05T18:17:22.948+0000][257.326s][1][466][info ] Heap
[2021-10-05T18:17:22.948+0000][257.326s][1][466][info ]  par new generation   total 573248K, used 181340K [0x0000000764600000, 0x000000078b400000, 0x000000078b400000)
[2021-10-05T18:17:22.949+0000][257.327s][1][466][info ]   eden space 509568K,  27% used [0x0000000764600000, 0x000000076cefeb18, 0x00000007837a0000)
[2021-10-05T18:17:22.949+0000][257.327s][1][466][info ]   from space 63680K,  64% used [0x00000007837a0000, 0x0000000785fb85e8, 0x00000007875d0000)
[2021-10-05T18:17:22.950+0000][257.328s][1][466][info ]   to   space 63680K,   0% used [0x00000007875d0000, 0x00000007875d0000, 0x000000078b400000)
[2021-10-05T18:17:22.950+0000][257.328s][1][466][info ]  concurrent mark-sweep generation total 1912832K, used 11832K [0x000000078b400000, 0x0000000800000000, 0x0000000800000000)
[2021-10-05T18:17:22.951+0000][257.329s][1][466][info ]  Metaspace       used 53758K, capacity 55134K, committed 55360K, reserved 1097728K
[2021-10-05T18:17:22.951+0000][257.329s][1][466][info ]   class space    used 6956K, capacity 7534K, committed 7608K, reserved 1048576K
[2021-10-05T18:17:22.952+0000][257.330s][1][466][debug] Accumulated young generation GC time 0.7587449 secs, 2 GC's, avg GC time 0.3793725
[2021-10-05T18:17:22.952+0000][257.330s][1][466][debug] Accumulated old generation GC time 0.0000000 secs, 0 GC's, avg GC time 0.0000000
[2021-10-05T18:17:22.953+0000][257.331s][1][118][info ] Application time: 1.6506216 seconds
[2021-10-05T18:17:22.953+0000][257.331s][1][118][info ] Entering safepoint region: Exit
